
> devnotes@0.1.0 build
> next build --turbopack

⚠ Warning: Next.js inferred your workspace root, but it may not be correct.
 We detected multiple lockfiles and selected the directory of C:\Users\Dell\package-lock.json as the root directory.
 To silence this warning, set `turbopack.root` in your Next.js config, or consider removing one of the lockfiles if it's not needed.
   See https://nextjs.org/docs/app/api-reference/config/next-config-js/turbopack#root-directory for more information.
 Detected additional lockfiles: 
   * C:\Users\Dell\Documents\Github-2026\devnotes\pnpm-lock.yaml

Attention: Next.js now collects completely anonymous telemetry regarding usage.
This information is used to shape Next.js' roadmap and prioritize features.
You can learn more, including how to opt-out if you'd not like to participate in this anonymous program, by visiting the following URL:
https://nextjs.org/telemetry

▲ Next.js 16.1.3 (Turbopack)
- Environments: .env

⚠ The "middleware" file convention is deprecated. Please use "proxy" instead. Learn more: https://nextjs.org/docs/messages/middleware-to-proxy
  Creating an optimized production build ...
✓ Compiled successfully in 57s
  Running TypeScript ...
  Collecting page data using 7 workers ...
2026-09-01T13:28:32.790Z WARN [Better Auth]: [better-auth] Base URL is not set. Set the baseURL option or BETTER_AUTH_URL env, or use a dynamic baseURL with allowedHosts for multi-host setups. Without it the origin is derived from the incoming request, and callbacks and redirects may not work correctly.
[Error [BetterAuthError]: You are using the default secret. Please set `BETTER_AUTH_SECRET` in your environment variables or pass `secret` in your auth config.]
2026-09-01T13:28:33.046Z WARN [Better Auth]: [better-auth] Base URL is not set. Set the baseURL option or BETTER_AUTH_URL env, or use a dynamic baseURL with allowedHosts for multi-host setups. Without it the origin is derived from the incoming request, and callbacks and redirects may not work correctly.
[Error [BetterAuthError]: You are using the default secret. Please set `BETTER_AUTH_SECRET` in your environment variables or pass `secret` in your auth config.]
2026-09-01T13:28:33.082Z WARN [Better Auth]: [better-auth] Base URL is not set. Set the baseURL option or BETTER_AUTH_URL env, or use a dynamic baseURL with allowedHosts for multi-host setups. Without it the origin is derived from the incoming request, and callbacks and redirects may not work correctly.
[Error [BetterAuthError]: You are using the default secret. Please set `BETTER_AUTH_SECRET` in your environment variables or pass `secret` in your auth config.]
2026-09-01T13:28:33.114Z WARN [Better Auth]: [better-auth] Base URL is not set. Set the baseURL option or BETTER_AUTH_URL env, or use a dynamic baseURL with allowedHosts for multi-host setups. Without it the origin is derived from the incoming request, and callbacks and redirects may not work correctly.
[Error [BetterAuthError]: You are using the default secret. Please set `BETTER_AUTH_SECRET` in your environment variables or pass `secret` in your auth config.]
  Generating static pages using 7 workers (0/9) ...
  Generating static pages using 7 workers (2/9) 
  Generating static pages using 7 workers (4/9) 
  Generating static pages using 7 workers (6/9) 
✓ Generating static pages using 7 workers (9/9) in 1854.8ms
  Finalizing page optimization ...

Route (app)
┌ ○ /
├ ○ /_not-found
├ ƒ /api/auth/[...all]
├ ƒ /dashboard
├ ƒ /dashboard/notebook/[notebookId]
├ ƒ /dashboard/notebook/[notebookId]/note/[noteId]
├ ○ /forgot-password
├ ○ /login
├ ○ /reset-password
└ ○ /signup


ƒ Proxy (Middleware)

○  (Static)   prerendered as static content
ƒ  (Dynamic)  server-rendered on demand

